Godot Engine v4.7.stable.official.5b4e0cb0f - https://godotengine.org

[   0% ] first_scan_filesystem | Started Project initialization (5 steps)
[   0% ] first_scan_filesystem | Scanning file structure...
[  16% ] first_scan_filesystem | Loading global class names...
[  33% ] first_scan_filesystem | Verifying GDExtensions...
[  50% ] first_scan_filesystem | Creating autoload scripts...
SCRIPT ERROR: Parse Error: Cannot infer the type of "expected" variable because the value doesn't have a set type.
   at: GDScript::reload (res://scripts/colony/colony.gd:823)
SCRIPT ERROR: Compile Error: Failed to compile depended scripts.
   at: GDScript::reload (res://scripts/data/buildings.gd:0)
SCRIPT ERROR: Compile Error: Failed to compile depended scripts.
   at: GDScript::reload (res://scripts/realm/colony_ledger.gd:0)
SCRIPT ERROR: Compile Error: Failed to compile depended scripts.
   at: GDScript::reload (res://scripts/realm/realm.gd:0)
SCRIPT ERROR: Compile Error: Failed to compile depended scripts.
   at: GDScript::reload (res://scripts/world/climate.gd:0)
SCRIPT ERROR: Compile Error: Failed to compile depended scripts.
   at: GDScript::reload (res://scripts/world/blight_field.gd:0)
SCRIPT ERROR: Compile Error: Failed to compile depended scripts.
   at: GDScript::reload (res://scripts/world/world.gd:0)
SCRIPT ERROR: Compile Error: Failed to compile depended scripts.
   at: GDScript::reload (res://scripts/core/agent.gd:0)
SCRIPT ERROR: Compile Error: Failed to compile depended scripts.
   at: GDScript::reload (res://scripts/core/sim.gd:0)
ERROR: Failed to load script "res://scripts/core/sim.gd" with error "Parse error".
   at: load (modules/gdscript/gdscript_resource_format.cpp:46)
ERROR: Failed to create an autoload, script 'res://scripts/colony/colony.gd' is not compiling.
   at: _create_autoload (editor/settings/editor_autoload_settings.cpp:340)
[  66% ] first_scan_filesystem | Initializing plugins...
[  83% ] first_scan_filesystem | Starting file scan...
[ DONE ] first_scan_filesystem

[   0% ] update_scripts_classes | Started Registering global classes... (7 steps)
[   0% ] update_scripts_classes | Building
[  12% ] update_scripts_classes | 
[  25% ] update_scripts_classes | Villager
[  37% ] update_scripts_classes | BuildingDef
[  50% ] update_scripts_classes | Abstractor
[  62% ] update_scripts_classes | ColonyLedger
[  75% ] update_scripts_classes | Reconstitutor
[ DONE ] update_scripts_classes

[   0% ] loading_editor_layout | Started Loading editor (5 steps)
[   0% ] loading_editor_layout | Loading editor layout...
[  16% ] loading_editor_layout | Loading docks...
[  33% ] loading_editor_layout | Reopening scenes...
[  50% ] loading_editor_layout | Loading central editor layout...
[  66% ] loading_editor_layout | Loading plugin window layout...
[  83% ] loading_editor_layout | Editor layout ready.
[ DONE ] loading_editor_layout

