Godot Engine v4.7.stable.official.5b4e0cb0f - https://godotengine.org

Locale: 772 keys, languages en, using en
=== stress: 60 villagers, 120 monsters; disabled: feature_details,terrain_transitions,decor,feature_tiles,path_surface,blight_overlay,influence,control_zones,gather_designations,power_effects,weather,hud,y_sort ===
villagers alive : 59
monsters alive  : 120
nodes           : 1124
orphan nodes    : 0
objects         : 4707
resources       : 311
static memory   : 88.0 MiB
video memory    : 0.0 MiB
draw calls      : 0
render objects  : 0
feature detail  : { "forest_boundaries": 41, "rock_overlays": 15, "trees": 4396, "berries": 592, "resource_batches": 1 }
frame avg       : 9.41 ms  (106 fps uncapped)
frame p95       : 26.48 ms
frame p99       : 40.51 ms
frame max       : 58.86 ms
path queue      : 2
blight frontier : 6
VERDICT: OVER (desktop target 5.5 ms)
